main.c:110:5:main	8	static
main.c:199:6:SystemClock_Config	88	static
main.c:243:13:MX_CRC_Init	8	static
main.c:269:13:MX_TIM2_Init	32	static
main.c:314:13:MX_TIM3_Init	32	static
main.c:359:13:MX_USART1_UART_Init	8	static
main.c:393:13:MX_USART2_UART_Init	8	static
main.c:431:13:MX_USART6_UART_Init	8	static
main.c:466:13:MX_DMA_Init	16	static
main.c:494:13:MX_GPIO_Init	40	static
main.c:533:5:__io_putchar	24	static
main.c:549:6:StartDefaultTask	16	static
main.c:568:6:HAL_TIM_PeriodElapsedCallback	16	static
main.c:585:6:Error_Handler	4	static
