stm32f4xx_it.c:91:6:NMI_Handler	4	static
stm32f4xx_it.c:104:6:HardFault_Handler	4	static
stm32f4xx_it.c:119:6:MemManage_Handler	4	static
stm32f4xx_it.c:134:6:BusFault_Handler	4	static
stm32f4xx_it.c:149:6:UsageFault_Handler	4	static
stm32f4xx_it.c:164:6:DebugMon_Handler	4	static
stm32f4xx_it.c:184:6:DMA1_Stream5_IRQHandler	24	static
stm32f4xx_it.c:232:6:DMA1_Stream6_IRQHandler	4	static
stm32f4xx_it.c:248:6:TIM2_IRQHandler	24	static
stm32f4xx_it.c:296:6:TIM3_IRQHandler	24	static
stm32f4xx_it.c:345:6:USART2_IRQHandler	8	static
stm32f4xx_it.c:362:6:TIM5_IRQHandler	8	static
stm32f4xx_it.c:376:6:DMA2_Stream1_IRQHandler	24	static
stm32f4xx_it.c:424:6:DMA2_Stream6_IRQHandler	4	static
stm32f4xx_it.c:442:6:USART6_IRQHandler	8	static
